running egg_info
writing ../build/my_policy_node/my_policy_node.egg-info/PKG-INFO
writing dependency_links to ../build/my_policy_node/my_policy_node.egg-info/dependency_links.txt
writing entry points to ../build/my_policy_node/my_policy_node.egg-info/entry_points.txt
writing requirements to ../build/my_policy_node/my_policy_node.egg-info/requires.txt
writing top-level names to ../build/my_policy_node/my_policy_node.egg-info/top_level.txt
reading manifest file '../build/my_policy_node/my_policy_node.egg-info/SOURCES.txt'
writing manifest file '../build/my_policy_node/my_policy_node.egg-info/SOURCES.txt'
running build
running build_py
copying my_policy_node/CableInsertionPolicy.py -> /home/damien/ws_aic/src/aic/build/my_policy_node/build/lib/my_policy_node
copying my_policy_node/AutoDataCollector.py -> /home/damien/ws_aic/src/aic/build/my_policy_node/build/lib/my_policy_node
copying my_policy_node/__init__.py -> /home/damien/ws_aic/src/aic/build/my_policy_node/build/lib/my_policy_node
copying my_policy_node/simple_insertion.py -> /home/damien/ws_aic/src/aic/build/my_policy_node/build/lib/my_policy_node
copying my_policy_node/WaveArm.py -> /home/damien/ws_aic/src/aic/build/my_policy_node/build/lib/my_policy_node
copying my_policy_node/py.typed -> /home/damien/ws_aic/src/aic/build/my_policy_node/build/lib/my_policy_node
running install
running install_lib
running install_egg_info
removing '/home/damien/ws_aic/src/aic/install/my_policy_node/lib/python3.12/site-packages/my_policy_node-0.0.1-py3.12.egg-info' (and everything under it)
Copying ../build/my_policy_node/my_policy_node.egg-info to /home/damien/ws_aic/src/aic/install/my_policy_node/lib/python3.12/site-packages/my_policy_node-0.0.1-py3.12.egg-info
running install_scripts
Installing my_policy_node script to /home/damien/ws_aic/src/aic/install/my_policy_node/lib/my_policy_node
Installing simple_insertion script to /home/damien/ws_aic/src/aic/install/my_policy_node/lib/my_policy_node
writing list of installed files to '/home/damien/ws_aic/src/aic/build/my_policy_node/install.log'
