[0.037s] Invoking command in '/home/damien/ws_aic/src/aic/build/aic_gazebo': AMENT_PREFIX_PATH=/home/damien/ws_aic/src/aic/install/aic_engine_interfaces:${AMENT_PREFIX_PATH} CMAKE_PREFIX_PATH=/home/damien/ws_aic/src/aic/install/aic_engine_interfaces:/home/damien/ws_aic/src/aic/.pixi/envs/default CONDA_PROMPT_MODIFIER=(base) DEBUGINFOD_URLS=https://debuginfod.ubuntu.com LD_LIBRARY_PATH=/home/damien/ws_aic/src/aic/install/aic_engine_interfaces/lib:${LD_LIBRARY_PATH} PIXI_PROMPT=(aic) PS1=(aic) (base) \[\e]0;\u@\h: \w\a\]${debian_chroot:+($debian_chroot)}\[\033[01;32m\]\u@\h\[\033[00m\]:\[\033[01;34m\]\w\[\033[00m\]\$ PYTHONPATH=/home/damien/ws_aic/src/aic/install/aic_engine_interfaces/lib/python3.12/site-packages:${PYTHONPATH} /home/damien/ws_aic/src/aic/.pixi/envs/default/bin/cmake /home/damien/ws_aic/src/aic/aic_gazebo -DCMAKE_INSTALL_PREFIX=/home/damien/ws_aic/src/aic/install/aic_gazebo
[0.226s] [0mCMake Deprecation Warning at CMakeLists.txt:1 (cmake_minimum_required):
[0.226s]   Compatibility with CMake < 3.10 will be removed from a future version of
[0.227s]   CMake.
[0.227s] 
[0.227s]   Update the VERSION argument <min> value.  Or, use the <min>...<max> syntax
[0.227s]   to tell CMake that the project requires at least <min> but has been updated
[0.227s]   to work with policies introduced by <max> or earlier.
[0.227s] 
[0.227s] [0m
[0.263s] -- The C compiler identification is GNU 13.3.0
[0.319s] -- The CXX compiler identification is GNU 13.3.0
[0.330s] -- Detecting C compiler ABI info
[0.386s] -- Detecting C compiler ABI info - done
[0.399s] -- Check for working C compiler: /usr/bin/cc - skipped
[0.400s] -- Detecting C compile features
[0.400s] -- Detecting C compile features - done
[0.415s] -- Detecting CXX compiler ABI info
[0.477s] -- Detecting CXX compiler ABI info - done
[0.496s] -- Check for working CXX compiler: /usr/bin/c++ - skipped
[0.496s] -- Detecting CXX compile features
[0.496s] -- Detecting CXX compile features - done
[0.507s] -- Found ament_cmake: 2.7.5 (/home/damien/ws_aic/src/aic/.pixi/envs/default/share/ament_cmake/cmake)
[0.622s] -- Found Python3: /home/damien/ws_aic/src/aic/.pixi/envs/default/bin/python3 (found version "3.12.13") found components: Interpreter
[0.739s] [31mCMake Error at CMakeLists.txt:11 (find_package):
[0.740s]   By not providing "Findgz_cmake_vendor.cmake" in CMAKE_MODULE_PATH this
[0.740s]   project has asked CMake to find a package configuration file provided by
[0.740s]   "gz_cmake_vendor", but CMake did not find one.
[0.740s] 
[0.740s]   Could not find a package configuration file provided by "gz_cmake_vendor"
[0.740s]   with any of the following names:
[0.740s] 
[0.740s]     gz_cmake_vendorConfig.cmake
[0.740s]     gz_cmake_vendor-config.cmake
[0.740s] 
[0.740s]   Add the installation prefix of "gz_cmake_vendor" to CMAKE_PREFIX_PATH or
[0.740s]   set "gz_cmake_vendor_DIR" to a directory containing one of the above files.
[0.740s]   If "gz_cmake_vendor" provides a separate development package or SDK, be
[0.740s]   sure it has been installed.
[0.740s] 
[0.740s] [0m
[0.741s] -- Configuring incomplete, errors occurred!
[0.743s] Invoked command in '/home/damien/ws_aic/src/aic/build/aic_gazebo' returned '1': AMENT_PREFIX_PATH=/home/damien/ws_aic/src/aic/install/aic_engine_interfaces:${AMENT_PREFIX_PATH} CMAKE_PREFIX_PATH=/home/damien/ws_aic/src/aic/install/aic_engine_interfaces:/home/damien/ws_aic/src/aic/.pixi/envs/default CONDA_PROMPT_MODIFIER=(base) DEBUGINFOD_URLS=https://debuginfod.ubuntu.com LD_LIBRARY_PATH=/home/damien/ws_aic/src/aic/install/aic_engine_interfaces/lib:${LD_LIBRARY_PATH} PIXI_PROMPT=(aic) PS1=(aic) (base) \[\e]0;\u@\h: \w\a\]${debian_chroot:+($debian_chroot)}\[\033[01;32m\]\u@\h\[\033[00m\]:\[\033[01;34m\]\w\[\033[00m\]\$ PYTHONPATH=/home/damien/ws_aic/src/aic/install/aic_engine_interfaces/lib/python3.12/site-packages:${PYTHONPATH} /home/damien/ws_aic/src/aic/.pixi/envs/default/bin/cmake /home/damien/ws_aic/src/aic/aic_gazebo -DCMAKE_INSTALL_PREFIX=/home/damien/ws_aic/src/aic/install/aic_gazebo
