[0.000000] (-) TimerEvent: {}
[0.000181] (-) JobUnselected: {'identifier': 'aic_adapter'}
[0.000227] (-) JobUnselected: {'identifier': 'aic_assets'}
[0.000256] (-) JobUnselected: {'identifier': 'aic_bringup'}
[0.000279] (-) JobUnselected: {'identifier': 'aic_control_interfaces'}
[0.000302] (-) JobUnselected: {'identifier': 'aic_controller'}
[0.000327] (-) JobUnselected: {'identifier': 'aic_description'}
[0.000392] (-) JobUnselected: {'identifier': 'aic_engine'}
[0.000440] (-) JobUnselected: {'identifier': 'aic_engine_interfaces'}
[0.000454] (-) JobUnselected: {'identifier': 'aic_example_policies'}
[0.000463] (-) JobUnselected: {'identifier': 'aic_gazebo'}
[0.000477] (-) JobUnselected: {'identifier': 'aic_model'}
[0.000490] (-) JobUnselected: {'identifier': 'aic_model_interfaces'}
[0.000511] (-) JobUnselected: {'identifier': 'aic_mujoco'}
[0.000519] (-) JobUnselected: {'identifier': 'aic_scoring'}
[0.000526] (-) JobUnselected: {'identifier': 'aic_task'}
[0.000544] (-) JobUnselected: {'identifier': 'aic_task_interfaces'}
[0.000551] (-) JobUnselected: {'identifier': 'aic_teleoperation'}
[0.000558] (-) JobUnselected: {'identifier': 'aic_training_interfaces'}
[0.000571] (-) JobUnselected: {'identifier': 'aic_training_utils'}
[0.000586] (-) JobUnselected: {'identifier': 'lerobot_robot_aic'}
[0.000601] (my_policy_node) JobQueued: {'identifier': 'my_policy_node', 'dependencies': OrderedDict({'aic_control_interfaces': '/home/damien/ws_aic/src/aic/install/aic_control_interfaces', 'aic_task_interfaces': '/home/damien/ws_aic/src/aic/install/aic_task_interfaces', 'aic_model_interfaces': '/home/damien/ws_aic/src/aic/install/aic_model_interfaces', 'aic_model': '/home/damien/ws_aic/src/aic/install/aic_model'})}
[0.000621] (my_policy_node) JobStarted: {'identifier': 'my_policy_node'}
[0.099470] (-) TimerEvent: {}
[0.199667] (-) TimerEvent: {}
[0.299992] (-) TimerEvent: {}
[0.400390] (-) TimerEvent: {}
[0.500757] (-) TimerEvent: {}
[0.601370] (-) TimerEvent: {}
[0.701608] (-) TimerEvent: {}
[0.709855] (my_policy_node) StderrLine: {'line': b'Traceback (most recent call last):\n  File "/usr/lib/python3/dist-packages/colcon_core/executor/__init__.py", line 91, in __call__\n    rc = await self.task(*args, **kwargs)\n         ^^^^^^^^^^^^^^^^^^^^^^^^^^^^^^^^\n  File "/usr/lib/python3/dist-packages/colcon_core/task/__init__.py", line 93, in __call__\n    return await task_method(*args, **kwargs)\n           ^^^^^^^^^^^^^^^^^^^^^^^^^^^^^^^^^^\n  File "/usr/lib/python3/dist-packages/colcon_ros/task/ament_python/build.py", line 102, in build\n    return await extension.build(additional_hooks=additional_hooks)\n           ^^^^^^^^^^^^^^^^^^^^^^^^^^^^^^^^^^^^^^^^^^^^^^^^^^^^^^^^\n  File "/usr/lib/python3/dist-packages/colcon_core/task/python/build.py", line 145, in build\n    temp_symlinks = self._symlinks_in_build(args, setup_py_data)\n                    ^^^^^^^^^^^^^^^^^^^^^^^^^^^^^^^^^^^^^^^^^^^^\n  File "/usr/lib/python3/dist-packages/colcon_core/task/python/build.py", line 299, in _symlinks_in_build\n    raise RuntimeError(\nRuntimeError: The package_dir contains a mapping from \'my_policy_node\' to \'my_policy_node\' which is also a key\n'}
[0.710248] (my_policy_node) JobEnded: {'identifier': 'my_policy_node', 'rc': 1}
[0.720575] (-) EventReactorShutdown: {}
