[0.730s] Invoking command in '/home/damien/ws_aic/src/aic/my_policy_node': CONDA_PROMPT_MODIFIER=(base) DEBUGINFOD_URLS=https://debuginfod.ubuntu.com PIXI_PROMPT=(aic) PS1=(aic) (base) \[\e]0;\u@\h: \w\a\]${debian_chroot:+($debian_chroot)}\[\033[01;32m\]\u@\h\[\033[00m\]:\[\033[01;34m\]\w\[\033[00m\]\$ PYTHONPATH=/home/damien/ws_aic/src/aic/build/my_policy_node/prefix_override:/usr/lib/python3/dist-packages/colcon_core/task/python/colcon_distutils_commands:/home/damien/ws_aic/src/aic/install/my_policy_node/lib/python3.12/site-packages:${PYTHONPATH} /usr/bin/python3 -W ignore:setup.py install is deprecated -W ignore:easy_install command is deprecated setup.py egg_info --egg-base ../build/my_policy_node build --build-base /home/damien/ws_aic/src/aic/build/my_policy_node/build install --record /home/damien/ws_aic/src/aic/build/my_policy_node/install.log --single-version-externally-managed
[0.957s] running egg_info
[0.974s] writing ../build/my_policy_node/my_policy_node.egg-info/PKG-INFO
[0.975s] writing dependency_links to ../build/my_policy_node/my_policy_node.egg-info/dependency_links.txt
[0.975s] writing entry points to ../build/my_policy_node/my_policy_node.egg-info/entry_points.txt
[0.975s] writing requirements to ../build/my_policy_node/my_policy_node.egg-info/requires.txt
[0.975s] writing top-level names to ../build/my_policy_node/my_policy_node.egg-info/top_level.txt
[1.013s] reading manifest file '../build/my_policy_node/my_policy_node.egg-info/SOURCES.txt'
[1.014s] writing manifest file '../build/my_policy_node/my_policy_node.egg-info/SOURCES.txt'
[1.014s] running build
[1.014s] running build_py
[1.015s] copying my_policy_node/CableInsertionPolicy.py -> /home/damien/ws_aic/src/aic/build/my_policy_node/build/lib/my_policy_node
[1.015s] copying my_policy_node/AutoDataCollector.py -> /home/damien/ws_aic/src/aic/build/my_policy_node/build/lib/my_policy_node
[1.016s] copying my_policy_node/__init__.py -> /home/damien/ws_aic/src/aic/build/my_policy_node/build/lib/my_policy_node
[1.016s] copying my_policy_node/simple_insertion.py -> /home/damien/ws_aic/src/aic/build/my_policy_node/build/lib/my_policy_node
[1.016s] copying my_policy_node/WaveArm.py -> /home/damien/ws_aic/src/aic/build/my_policy_node/build/lib/my_policy_node
[1.016s] copying my_policy_node/py.typed -> /home/damien/ws_aic/src/aic/build/my_policy_node/build/lib/my_policy_node
[1.016s] running install
[1.020s] running install_lib
[1.039s] copying /home/damien/ws_aic/src/aic/build/my_policy_node/build/lib/my_policy_node/simple_insertion.py -> /home/damien/ws_aic/src/aic/install/my_policy_node/lib/python3.12/site-packages/my_policy_node
[1.040s] byte-compiling /home/damien/ws_aic/src/aic/install/my_policy_node/lib/python3.12/site-packages/my_policy_node/simple_insertion.py to simple_insertion.cpython-312.pyc
[1.042s] running install_egg_info
[1.061s] removing '/home/damien/ws_aic/src/aic/install/my_policy_node/lib/python3.12/site-packages/my_policy_node-0.0.1-py3.12.egg-info' (and everything under it)
[1.061s] Copying ../build/my_policy_node/my_policy_node.egg-info to /home/damien/ws_aic/src/aic/install/my_policy_node/lib/python3.12/site-packages/my_policy_node-0.0.1-py3.12.egg-info
[1.063s] running install_scripts
[1.102s] Installing my_policy_node script to /home/damien/ws_aic/src/aic/install/my_policy_node/lib/my_policy_node
[1.103s] Installing simple_insertion script to /home/damien/ws_aic/src/aic/install/my_policy_node/lib/my_policy_node
[1.104s] writing list of installed files to '/home/damien/ws_aic/src/aic/build/my_policy_node/install.log'
[1.126s] Invoked command in '/home/damien/ws_aic/src/aic/my_policy_node' returned '0': CONDA_PROMPT_MODIFIER=(base) DEBUGINFOD_URLS=https://debuginfod.ubuntu.com PIXI_PROMPT=(aic) PS1=(aic) (base) \[\e]0;\u@\h: \w\a\]${debian_chroot:+($debian_chroot)}\[\033[01;32m\]\u@\h\[\033[00m\]:\[\033[01;34m\]\w\[\033[00m\]\$ PYTHONPATH=/home/damien/ws_aic/src/aic/build/my_policy_node/prefix_override:/usr/lib/python3/dist-packages/colcon_core/task/python/colcon_distutils_commands:/home/damien/ws_aic/src/aic/install/my_policy_node/lib/python3.12/site-packages:${PYTHONPATH} /usr/bin/python3 -W ignore:setup.py install is deprecated -W ignore:easy_install command is deprecated setup.py egg_info --egg-base ../build/my_policy_node build --build-base /home/damien/ws_aic/src/aic/build/my_policy_node/build install --record /home/damien/ws_aic/src/aic/build/my_policy_node/install.log --single-version-externally-managed
